mode: set
github.com/SyamSolution/grule-service/config/base.go:7.28,11.2 1 0
github.com/SyamSolution/grule-service/config/cacher.go:25.38,39.2 4 0
github.com/SyamSolution/grule-service/config/cacher.go:41.103,43.31 2 0
github.com/SyamSolution/grule-service/config/cacher.go:43.31,45.3 1 0
github.com/SyamSolution/grule-service/config/cacher.go:47.2,47.70 1 0
github.com/SyamSolution/grule-service/config/cacher.go:47.70,49.3 1 0
github.com/SyamSolution/grule-service/config/cacher.go:51.2,51.12 1 0
github.com/SyamSolution/grule-service/config/cacher.go:54.105,56.31 2 0
github.com/SyamSolution/grule-service/config/cacher.go:56.31,58.3 1 0
github.com/SyamSolution/grule-service/config/cacher.go:60.2,60.72 1 0
github.com/SyamSolution/grule-service/config/cacher.go:60.72,62.3 1 0
github.com/SyamSolution/grule-service/config/cacher.go:64.2,64.12 1 0
github.com/SyamSolution/grule-service/config/cacher.go:67.70,70.16 3 0
github.com/SyamSolution/grule-service/config/cacher.go:70.16,72.3 1 0
github.com/SyamSolution/grule-service/config/cacher.go:74.2,74.19 1 0
github.com/SyamSolution/grule-service/config/cacher.go:77.60,80.16 3 0
github.com/SyamSolution/grule-service/config/cacher.go:80.16,82.3 1 0
github.com/SyamSolution/grule-service/config/cacher.go:84.2,84.12 1 0
github.com/SyamSolution/grule-service/config/database.go:13.48,24.16 3 0
github.com/SyamSolution/grule-service/config/database.go:24.16,27.3 2 0
github.com/SyamSolution/grule-service/config/database.go:29.2,29.33 1 0
github.com/SyamSolution/grule-service/config/database.go:29.33,32.3 2 0
github.com/SyamSolution/grule-service/config/database.go:34.2,42.16 7 0
github.com/SyamSolution/grule-service/config/logger.go:17.27,19.15 2 0
github.com/SyamSolution/grule-service/config/logger.go:19.15,21.3 1 0
github.com/SyamSolution/grule-service/config/logger.go:22.2,24.3 1 0
github.com/SyamSolution/grule-service/config/logger.go:27.64,29.2 1 0
github.com/SyamSolution/grule-service/config/logger.go:31.65,33.2 1 0
github.com/SyamSolution/grule-service/cmd/http/api.go:16.13,38.40 10 0
github.com/SyamSolution/grule-service/cmd/http/api.go:38.40,40.3 1 0
github.com/SyamSolution/grule-service/cmd/http/api.go:43.2,47.78 3 0
github.com/SyamSolution/grule-service/cmd/http/api.go:47.78,49.3 1 0
github.com/SyamSolution/grule-service/cmd/http/api.go:52.36,54.16 2 0
github.com/SyamSolution/grule-service/cmd/http/api.go:54.16,56.17 2 0
github.com/SyamSolution/grule-service/cmd/http/api.go:56.17,58.4 1 0
github.com/SyamSolution/grule-service/cmd/http/api.go:62.51,67.16 3 0
github.com/SyamSolution/grule-service/cmd/http/api.go:67.16,68.13 1 0
github.com/SyamSolution/grule-service/cmd/http/api.go:71.2,72.16 2 0
github.com/SyamSolution/grule-service/cmd/http/api.go:72.16,73.13 1 0
github.com/SyamSolution/grule-service/cmd/http/api.go:75.2,75.17 1 0
github.com/SyamSolution/grule-service/config/middleware/auth.go:8.27,9.34 1 0
github.com/SyamSolution/grule-service/config/middleware/auth.go:9.34,12.17 3 0
github.com/SyamSolution/grule-service/config/middleware/auth.go:12.17,16.4 1 0
github.com/SyamSolution/grule-service/config/middleware/auth.go:17.3,18.18 2 0
github.com/SyamSolution/grule-service/config/middleware/fiberPrometheus.go:21.130,23.23 2 0
github.com/SyamSolution/grule-service/config/middleware/fiberPrometheus.go:23.23,25.3 1 0
github.com/SyamSolution/grule-service/config/middleware/fiberPrometheus.go:26.2,26.35 1 0
github.com/SyamSolution/grule-service/config/middleware/fiberPrometheus.go:26.35,28.3 1 0
github.com/SyamSolution/grule-service/config/middleware/fiberPrometheus.go:30.2,93.3 4 0
github.com/SyamSolution/grule-service/config/middleware/fiberPrometheus.go:98.47,100.2 1 0
github.com/SyamSolution/grule-service/config/middleware/fiberPrometheus.go:109.73,111.2 1 0
github.com/SyamSolution/grule-service/config/middleware/fiberPrometheus.go:121.92,123.2 1 0
github.com/SyamSolution/grule-service/config/middleware/fiberPrometheus.go:133.139,135.2 1 0
github.com/SyamSolution/grule-service/config/middleware/fiberPrometheus.go:138.96,143.2 3 0
github.com/SyamSolution/grule-service/config/middleware/fiberPrometheus.go:146.61,151.39 3 0
github.com/SyamSolution/grule-service/config/middleware/fiberPrometheus.go:151.39,153.3 1 0
github.com/SyamSolution/grule-service/config/middleware/fiberPrometheus.go:155.2,156.15 2 0
github.com/SyamSolution/grule-service/config/middleware/fiberPrometheus.go:156.15,158.3 1 0
github.com/SyamSolution/grule-service/config/middleware/fiberPrometheus.go:160.2,164.16 3 0
github.com/SyamSolution/grule-service/config/middleware/fiberPrometheus.go:164.16,165.38 1 0
github.com/SyamSolution/grule-service/config/middleware/fiberPrometheus.go:165.38,168.4 1 0
github.com/SyamSolution/grule-service/config/middleware/fiberPrometheus.go:169.8,171.3 1 0
github.com/SyamSolution/grule-service/config/middleware/fiberPrometheus.go:173.2,181.12 6 0
github.com/SyamSolution/grule-service/config/middleware/sqlCollector.go:33.71,92.2 2 0
github.com/SyamSolution/grule-service/config/middleware/sqlCollector.go:95.62,105.2 9 0
github.com/SyamSolution/grule-service/config/middleware/sqlCollector.go:108.62,156.2 10 0
github.com/SyamSolution/grule-service/mock/decision_mock.go:12.79,15.2 2 0
github.com/SyamSolution/grule-service/mock/decision_mock.go:17.118,20.2 2 0
github.com/SyamSolution/grule-service/mock/decision_mock.go:22.34,24.2 1 0
github.com/SyamSolution/grule-service/mock/discount_usecase_mock.go:31.77,35.2 3 0
github.com/SyamSolution/grule-service/mock/discount_usecase_mock.go:38.75,40.2 1 0
github.com/SyamSolution/grule-service/mock/discount_usecase_mock.go:43.89,49.2 5 0
github.com/SyamSolution/grule-service/mock/discount_usecase_mock.go:52.86,55.2 2 0
github.com/SyamSolution/grule-service/mock/config/logger_mock.go:31.57,35.2 3 0
github.com/SyamSolution/grule-service/mock/config/logger_mock.go:38.55,40.2 1 0
github.com/SyamSolution/grule-service/mock/config/logger_mock.go:43.65,46.27 3 0
github.com/SyamSolution/grule-service/mock/config/logger_mock.go:46.27,48.3 1 0
github.com/SyamSolution/grule-service/mock/config/logger_mock.go:49.2,49.37 1 0
github.com/SyamSolution/grule-service/mock/config/logger_mock.go:53.78,57.2 3 0
github.com/SyamSolution/grule-service/mock/config/logger_mock.go:60.64,63.27 3 0
github.com/SyamSolution/grule-service/mock/config/logger_mock.go:63.27,65.3 1 0
github.com/SyamSolution/grule-service/mock/config/logger_mock.go:66.2,66.36 1 0
github.com/SyamSolution/grule-service/mock/config/logger_mock.go:70.77,74.2 3 0
github.com/SyamSolution/grule-service/internal/util/rest/client.go:30.63,34.2 1 0
github.com/SyamSolution/grule-service/internal/util/rest/client.go:36.67,38.22 2 0
github.com/SyamSolution/grule-service/internal/util/rest/client.go:38.22,41.17 2 0
github.com/SyamSolution/grule-service/internal/util/rest/client.go:41.17,43.4 1 0
github.com/SyamSolution/grule-service/internal/util/rest/client.go:46.2,47.16 2 0
github.com/SyamSolution/grule-service/internal/util/rest/client.go:47.16,49.3 1 0
github.com/SyamSolution/grule-service/internal/util/rest/client.go:50.2,50.21 1 0
github.com/SyamSolution/grule-service/internal/util/rest/client.go:50.21,52.3 1 0
github.com/SyamSolution/grule-service/internal/util/rest/client.go:54.2,54.17 1 0
github.com/SyamSolution/grule-service/internal/util/rest/client.go:57.87,60.24 3 0
github.com/SyamSolution/grule-service/internal/util/rest/client.go:60.24,62.17 2 0
github.com/SyamSolution/grule-service/internal/util/rest/client.go:62.17,64.4 1 0
github.com/SyamSolution/grule-service/internal/util/rest/client.go:65.3,65.28 1 0
github.com/SyamSolution/grule-service/internal/util/rest/client.go:68.2,68.17 1 0
github.com/SyamSolution/grule-service/internal/util/rest/client.go:68.17,70.3 1 0
github.com/SyamSolution/grule-service/internal/util/rest/client.go:70.8,72.3 1 0
github.com/SyamSolution/grule-service/internal/util/rest/client.go:74.2,74.16 1 0
github.com/SyamSolution/grule-service/internal/util/rest/client.go:74.16,76.3 1 0
github.com/SyamSolution/grule-service/internal/util/rest/client.go:78.2,78.23 1 0
github.com/SyamSolution/grule-service/internal/util/rest/client.go:78.23,80.3 1 0
github.com/SyamSolution/grule-service/internal/util/rest/client.go:82.2,83.16 2 0
github.com/SyamSolution/grule-service/internal/util/rest/client.go:83.16,85.3 1 0
github.com/SyamSolution/grule-service/internal/util/rest/client.go:87.2,87.17 1 0
github.com/SyamSolution/grule-service/internal/util/rest/client.go:90.63,91.34 1 0
github.com/SyamSolution/grule-service/internal/util/rest/client.go:91.34,93.3 1 0
github.com/SyamSolution/grule-service/internal/util/rest.go:11.65,19.2 1 1
github.com/SyamSolution/grule-service/internal/util/rest.go:21.85,28.2 1 1
github.com/SyamSolution/grule-service/internal/util/rest.go:30.91,33.16 3 1
github.com/SyamSolution/grule-service/internal/util/rest.go:33.16,36.3 2 1
github.com/SyamSolution/grule-service/internal/util/rest.go:37.2,42.3 1 1
github.com/SyamSolution/grule-service/internal/util/rest.go:45.69,48.16 3 1
github.com/SyamSolution/grule-service/internal/util/rest.go:48.16,51.3 2 1
github.com/SyamSolution/grule-service/internal/util/rest.go:52.2,58.3 1 1
github.com/SyamSolution/grule-service/internal/util/rest.go:61.77,70.2 1 1
github.com/SyamSolution/grule-service/internal/util/rest.go:72.60,74.16 2 0
github.com/SyamSolution/grule-service/internal/util/rest.go:74.16,75.56 1 0
github.com/SyamSolution/grule-service/internal/util/rest.go:75.56,80.4 4 0
github.com/SyamSolution/grule-service/internal/util/rest.go:82.2,82.15 1 0
github.com/SyamSolution/grule-service/internal/util/rest.go:85.46,93.2 1 1
github.com/SyamSolution/grule-service/internal/util/rest.go:95.51,100.2 1 1
github.com/SyamSolution/grule-service/internal/util/time.go:10.36,12.16 2 1
github.com/SyamSolution/grule-service/internal/util/time.go:12.16,14.3 1 1
github.com/SyamSolution/grule-service/internal/util/time.go:16.2,17.16 2 1
github.com/SyamSolution/grule-service/internal/util/time.go:17.16,19.3 1 1
github.com/SyamSolution/grule-service/internal/util/time.go:21.2,21.12 1 1
github.com/SyamSolution/grule-service/config/base.go:7.28,11.2 1 0
github.com/SyamSolution/grule-service/config/cacher.go:25.38,39.2 4 0
github.com/SyamSolution/grule-service/config/cacher.go:41.103,43.31 2 0
github.com/SyamSolution/grule-service/config/cacher.go:43.31,45.3 1 0
github.com/SyamSolution/grule-service/config/cacher.go:47.2,47.70 1 0
github.com/SyamSolution/grule-service/config/cacher.go:47.70,49.3 1 0
github.com/SyamSolution/grule-service/config/cacher.go:51.2,51.12 1 0
github.com/SyamSolution/grule-service/config/cacher.go:54.105,56.31 2 0
github.com/SyamSolution/grule-service/config/cacher.go:56.31,58.3 1 0
github.com/SyamSolution/grule-service/config/cacher.go:60.2,60.72 1 0
github.com/SyamSolution/grule-service/config/cacher.go:60.72,62.3 1 0
github.com/SyamSolution/grule-service/config/cacher.go:64.2,64.12 1 0
github.com/SyamSolution/grule-service/config/cacher.go:67.70,70.16 3 0
github.com/SyamSolution/grule-service/config/cacher.go:70.16,72.3 1 0
github.com/SyamSolution/grule-service/config/cacher.go:74.2,74.19 1 0
github.com/SyamSolution/grule-service/config/cacher.go:77.60,80.16 3 0
github.com/SyamSolution/grule-service/config/cacher.go:80.16,82.3 1 0
github.com/SyamSolution/grule-service/config/cacher.go:84.2,84.12 1 0
github.com/SyamSolution/grule-service/config/database.go:13.48,24.16 3 0
github.com/SyamSolution/grule-service/config/database.go:24.16,27.3 2 0
github.com/SyamSolution/grule-service/config/database.go:29.2,29.33 1 0
github.com/SyamSolution/grule-service/config/database.go:29.33,32.3 2 0
github.com/SyamSolution/grule-service/config/database.go:34.2,42.16 7 0
github.com/SyamSolution/grule-service/config/logger.go:17.27,19.15 2 0
github.com/SyamSolution/grule-service/config/logger.go:19.15,21.3 1 0
github.com/SyamSolution/grule-service/config/logger.go:22.2,24.3 1 0
github.com/SyamSolution/grule-service/config/logger.go:27.64,29.2 1 0
github.com/SyamSolution/grule-service/config/logger.go:31.65,33.2 1 0
github.com/SyamSolution/grule-service/internal/usecase/dicount_usecase.go:24.87,29.2 1 1
github.com/SyamSolution/grule-service/internal/usecase/dicount_usecase.go:31.85,34.16 2 1
github.com/SyamSolution/grule-service/internal/usecase/dicount_usecase.go:34.16,35.13 1 0
github.com/SyamSolution/grule-service/internal/usecase/dicount_usecase.go:37.2,38.71 2 1
github.com/SyamSolution/grule-service/internal/usecase/dicount_usecase.go:38.71,40.3 1 0
github.com/SyamSolution/grule-service/internal/usecase/dicount_usecase.go:41.2,41.25 1 1
github.com/SyamSolution/grule-service/internal/usecase/eligible_usecase.go:23.87,28.2 1 1
github.com/SyamSolution/grule-service/internal/usecase/eligible_usecase.go:30.85,32.16 2 1
github.com/SyamSolution/grule-service/internal/usecase/eligible_usecase.go:32.16,33.13 1 0
github.com/SyamSolution/grule-service/internal/usecase/eligible_usecase.go:35.2,36.71 2 1
github.com/SyamSolution/grule-service/internal/usecase/eligible_usecase.go:36.71,38.3 1 0
github.com/SyamSolution/grule-service/internal/usecase/eligible_usecase.go:39.2,39.25 1 1
github.com/SyamSolution/grule-service/mock/decision_mock.go:12.79,15.2 2 1
github.com/SyamSolution/grule-service/mock/decision_mock.go:17.118,20.2 2 0
github.com/SyamSolution/grule-service/mock/decision_mock.go:22.34,24.2 1 0
github.com/SyamSolution/grule-service/mock/discount_usecase_mock.go:31.77,35.2 3 0
github.com/SyamSolution/grule-service/mock/discount_usecase_mock.go:38.75,40.2 1 0
github.com/SyamSolution/grule-service/mock/discount_usecase_mock.go:43.89,49.2 5 0
github.com/SyamSolution/grule-service/mock/discount_usecase_mock.go:52.86,55.2 2 0
github.com/SyamSolution/grule-service/mock/config/logger_mock.go:31.57,35.2 3 1
github.com/SyamSolution/grule-service/mock/config/logger_mock.go:38.55,40.2 1 0
github.com/SyamSolution/grule-service/mock/config/logger_mock.go:43.65,46.27 3 0
github.com/SyamSolution/grule-service/mock/config/logger_mock.go:46.27,48.3 1 0
github.com/SyamSolution/grule-service/mock/config/logger_mock.go:49.2,49.37 1 0
github.com/SyamSolution/grule-service/mock/config/logger_mock.go:53.78,57.2 3 0
github.com/SyamSolution/grule-service/mock/config/logger_mock.go:60.64,63.27 3 0
github.com/SyamSolution/grule-service/mock/config/logger_mock.go:63.27,65.3 1 0
github.com/SyamSolution/grule-service/mock/config/logger_mock.go:66.2,66.36 1 0
github.com/SyamSolution/grule-service/mock/config/logger_mock.go:70.77,74.2 3 0
